Traceback (most recent call last):
  File "/n/home07/canisli/clusterattention/train.py", line 109, in load_runs
    runs_module = importlib.import_module(f'runs.{runs_name}')
                  ^^^^^^^^^^^^^^^^^^^^^^^^^^^^^^^^^^^^^^^^^^^^
  File "/n/sw/Miniforge3-25.3.1-0/lib/python3.12/importlib/__init__.py", line 90, in import_module
    return _bootstrap._gcd_import(name[level:], package, level)
           ^^^^^^^^^^^^^^^^^^^^^^^^^^^^^^^^^^^^^^^^^^^^^^^^^^^^
  File "<frozen importlib._bootstrap>", line 1387, in _gcd_import
  File "<frozen importlib._bootstrap>", line 1360, in _find_and_load
  File "<frozen importlib._bootstrap>", line 1310, in _find_and_load_unlocked
  File "<frozen importlib._bootstrap>", line 488, in _call_with_frames_removed
  File "<frozen importlib._bootstrap>", line 1387, in _gcd_import
  File "<frozen importlib._bootstrap>", line 1360, in _find_and_load
  File "<frozen importlib._bootstrap>", line 1324, in _find_and_load_unlocked
ModuleNotFoundError: No module named 'runs'

During handling of the above exception, another exception occurred:

Traceback (most recent call last):
  File "/n/home07/canisli/clusterattention/train.py", line 143, in <module>
    run_all_models(runs_name=args.runs)
  File "/n/home07/canisli/clusterattention/train.py", line 119, in run_all_models
    models = load_runs(runs_name)
             ^^^^^^^^^^^^^^^^^^^^
  File "/n/home07/canisli/clusterattention/train.py", line 114, in load_runs
    raise ImportError(f"Could not import runs.{runs_name}. Make sure the file exists in the runs/ directory. Error: {e}")
ImportError: Could not import runs.causal. Make sure the file exists in the runs/ directory. Error: No module named 'runs'
