Traceback (most recent call last):
  File "/n/home07/canisli/clusterattention/train_hep.py", line 273, in <module>
    run_all_models(runs_name=args.runs)
  File "/n/home07/canisli/clusterattention/train_hep.py", line 231, in run_all_models
    model = train(name, attn_class, attn_args, train_loader, val_loader, T, n_layers, steps, runs_name)
            ^^^^^^^^^^^^^^^^^^^^^^^^^^^^^^^^^^^^^^^^^^^^^^^^^^^^^^^^^^^^^^^^^^^^^^^^^^^^^^^^^^^^^^^^^^^
  File "/n/home07/canisli/clusterattention/train_hep.py", line 133, in train
    predictions, loss = model(features, targets, attn_mask=masks)
                        ^^^^^^^^^^^^^^^^^^^^^^^^^^^^^^^^^^^^^^^^^
  File "/n/home07/canisli/clusterattention/venv/lib/python3.12/site-packages/torch/nn/modules/module.py", line 1775, in _wrapped_call_impl
    return self._call_impl(*args, **kwargs)
           ^^^^^^^^^^^^^^^^^^^^^^^^^^^^^^^^
  File "/n/home07/canisli/clusterattention/venv/lib/python3.12/site-packages/torch/nn/modules/module.py", line 1786, in _call_impl
    return forward_call(*args, **kwargs)
           ^^^^^^^^^^^^^^^^^^^^^^^^^^^^^
  File "/n/home07/canisli/clusterattention/transformer/TransformerRegressor.py", line 90, in forward
    h = layer(h, attn_mask=attn_mask)  # (B, T_seq, dim)
        ^^^^^^^^^^^^^^^^^^^^^^^^^^^^^
  File "/n/home07/canisli/clusterattention/venv/lib/python3.12/site-packages/torch/nn/modules/module.py", line 1775, in _wrapped_call_impl
    return self._call_impl(*args, **kwargs)
           ^^^^^^^^^^^^^^^^^^^^^^^^^^^^^^^^
  File "/n/home07/canisli/clusterattention/venv/lib/python3.12/site-packages/torch/nn/modules/module.py", line 1786, in _call_impl
    return forward_call(*args, **kwargs)
           ^^^^^^^^^^^^^^^^^^^^^^^^^^^^^
  File "/n/home07/canisli/clusterattention/transformer/TransformerLayer.py", line 22, in forward
    out = self.attn(y, attn_mask=attn_mask)  # B,T,dim
          ^^^^^^^^^^^^^^^^^^^^^^^^^^^^^^^^^
  File "/n/home07/canisli/clusterattention/venv/lib/python3.12/site-packages/torch/nn/modules/module.py", line 1775, in _wrapped_call_impl
    return self._call_impl(*args, **kwargs)
           ^^^^^^^^^^^^^^^^^^^^^^^^^^^^^^^^
  File "/n/home07/canisli/clusterattention/venv/lib/python3.12/site-packages/torch/nn/modules/module.py", line 1786, in _call_impl
    return forward_call(*args, **kwargs)
           ^^^^^^^^^^^^^^^^^^^^^^^^^^^^^
  File "/n/home07/canisli/clusterattention/variants/LearnedClusterAttention.py", line 104, in forward
    return self._token_attention(x, soft_assign, idx, attn_mask=attn_mask)
           ^^^^^^^^^^^^^^^^^^^^^^^^^^^^^^^^^^^^^^^^^^^^^^^^^^^^^^^^^^^^^^^
  File "/n/home07/canisli/clusterattention/variants/LearnedClusterAttention.py", line 80, in _token_attention
    out = torch.einsum('bhtk,bhkd->bhtd', score, V) # BHTD
          ^^^^^^^^^^^^^^^^^^^^^^^^^^^^^^^^^^^^^^^^^
  File "/n/home07/canisli/clusterattention/venv/lib/python3.12/site-packages/torch/functional.py", line 373, in einsum
    return _VF.einsum(equation, operands)  # type: ignore[attr-defined]
           ^^^^^^^^^^^^^^^^^^^^^^^^^^^^^^
RuntimeError: einsum(): the number of subscripts in the equation (4) does not match the number of dimensions (5) for operand 0 and no ellipsis was given
