Loading enwik8...
Total bytes: 100000000
Starting training with runs.lca...
Loaded 1 models from runs.lca
Number of training steps: 20000
Running lca with 1 models
models: [('LCA_l1s1', <class 'variants.LearnedClusterAttention.LearnedClusterAttention'>, {'T': 512, 'cluster_scale': 1.0, 'tau': 1.0, 'causal': True, 'force_one_cluster': False}, 1)]

----Training LCA_l1s1----
Checkpoints will be saved to models/lca/LCA_l1s1
LCA_l1s1: 993,048 parameters (993.05K)
LCA_l1s1: step 500/20000 | loss 2.7516
Saved checkpoint to models/lca/LCA_l1s1/checkpoint_step_500.pt
LCA_l1s1: step 1000/20000 | loss 2.7366
Saved checkpoint to models/lca/LCA_l1s1/checkpoint_step_1000.pt
LCA_l1s1: step 1500/20000 | loss 2.7177
Saved checkpoint to models/lca/LCA_l1s1/checkpoint_step_1500.pt
LCA_l1s1: step 2000/20000 | loss 2.8229
Saved checkpoint to models/lca/LCA_l1s1/checkpoint_step_2000.pt
LCA_l1s1: step 2500/20000 | loss 2.6919
Saved checkpoint to models/lca/LCA_l1s1/checkpoint_step_2500.pt
LCA_l1s1: step 3000/20000 | loss 2.6538
Saved checkpoint to models/lca/LCA_l1s1/checkpoint_step_3000.pt
LCA_l1s1: step 3500/20000 | loss 2.7020
Saved checkpoint to models/lca/LCA_l1s1/checkpoint_step_3500.pt
LCA_l1s1: step 4000/20000 | loss 2.7312
Saved checkpoint to models/lca/LCA_l1s1/checkpoint_step_4000.pt
LCA_l1s1: step 4500/20000 | loss 2.6870
Saved checkpoint to models/lca/LCA_l1s1/checkpoint_step_4500.pt
LCA_l1s1: step 5000/20000 | loss 2.6529
Saved checkpoint to models/lca/LCA_l1s1/checkpoint_step_5000.pt
LCA_l1s1: step 5500/20000 | loss 2.6326
Saved checkpoint to models/lca/LCA_l1s1/checkpoint_step_5500.pt
LCA_l1s1: step 6000/20000 | loss 2.6364
Saved checkpoint to models/lca/LCA_l1s1/checkpoint_step_6000.pt
LCA_l1s1: step 6500/20000 | loss 2.6266
Saved checkpoint to models/lca/LCA_l1s1/checkpoint_step_6500.pt
LCA_l1s1: step 7000/20000 | loss 2.6303
Saved checkpoint to models/lca/LCA_l1s1/checkpoint_step_7000.pt
LCA_l1s1: step 7500/20000 | loss 2.6470
Saved checkpoint to models/lca/LCA_l1s1/checkpoint_step_7500.pt
LCA_l1s1: step 8000/20000 | loss 2.6477
Saved checkpoint to models/lca/LCA_l1s1/checkpoint_step_8000.pt
LCA_l1s1: step 8500/20000 | loss 2.6705
Saved checkpoint to models/lca/LCA_l1s1/checkpoint_step_8500.pt
LCA_l1s1: step 9000/20000 | loss 2.6146
Saved checkpoint to models/lca/LCA_l1s1/checkpoint_step_9000.pt
LCA_l1s1: step 9500/20000 | loss 2.6831
Saved checkpoint to models/lca/LCA_l1s1/checkpoint_step_9500.pt
LCA_l1s1: step 10000/20000 | loss 2.6212
Saved checkpoint to models/lca/LCA_l1s1/checkpoint_step_10000.pt
LCA_l1s1: step 10500/20000 | loss 2.6837
Saved checkpoint to models/lca/LCA_l1s1/checkpoint_step_10500.pt
LCA_l1s1: step 11000/20000 | loss 2.6483
Saved checkpoint to models/lca/LCA_l1s1/checkpoint_step_11000.pt
LCA_l1s1: step 11500/20000 | loss 2.7155
Saved checkpoint to models/lca/LCA_l1s1/checkpoint_step_11500.pt
LCA_l1s1: step 12000/20000 | loss 2.6051
Saved checkpoint to models/lca/LCA_l1s1/checkpoint_step_12000.pt
LCA_l1s1: step 12500/20000 | loss 2.5627
Saved checkpoint to models/lca/LCA_l1s1/checkpoint_step_12500.pt
LCA_l1s1: step 13000/20000 | loss 2.6624
Saved checkpoint to models/lca/LCA_l1s1/checkpoint_step_13000.pt
LCA_l1s1: step 13500/20000 | loss 2.6998
Saved checkpoint to models/lca/LCA_l1s1/checkpoint_step_13500.pt
LCA_l1s1: step 14000/20000 | loss 2.6017
Saved checkpoint to models/lca/LCA_l1s1/checkpoint_step_14000.pt
LCA_l1s1: step 14500/20000 | loss 2.6014
Saved checkpoint to models/lca/LCA_l1s1/checkpoint_step_14500.pt
LCA_l1s1: step 15000/20000 | loss 2.6296
Saved checkpoint to models/lca/LCA_l1s1/checkpoint_step_15000.pt
LCA_l1s1: step 15500/20000 | loss 2.5373
Saved checkpoint to models/lca/LCA_l1s1/checkpoint_step_15500.pt
LCA_l1s1: step 16000/20000 | loss 2.6736
Saved checkpoint to models/lca/LCA_l1s1/checkpoint_step_16000.pt
LCA_l1s1: step 16500/20000 | loss 2.5756
Saved checkpoint to models/lca/LCA_l1s1/checkpoint_step_16500.pt
LCA_l1s1: step 17000/20000 | loss 2.6108
Saved checkpoint to models/lca/LCA_l1s1/checkpoint_step_17000.pt
LCA_l1s1: step 17500/20000 | loss 2.5558
Saved checkpoint to models/lca/LCA_l1s1/checkpoint_step_17500.pt
LCA_l1s1: step 18000/20000 | loss 2.6621
Saved checkpoint to models/lca/LCA_l1s1/checkpoint_step_18000.pt
LCA_l1s1: step 18500/20000 | loss 2.6686
Saved checkpoint to models/lca/LCA_l1s1/checkpoint_step_18500.pt
LCA_l1s1: step 19000/20000 | loss 2.6021
Saved checkpoint to models/lca/LCA_l1s1/checkpoint_step_19000.pt
LCA_l1s1: step 19500/20000 | loss 2.6461
Saved checkpoint to models/lca/LCA_l1s1/checkpoint_step_19500.pt
LCA_l1s1: step 20000/20000 | loss 2.6046
Saved checkpoint to models/lca/LCA_l1s1/checkpoint_step_20000.pt
LCA_l1s1: train bpb=3.7802 | val bpb=3.7732
Training completed successfully!
