Loading enwik8...
Total bytes: 100000000
Starting training with runs.lca...
Loaded 1 models from runs.lca
Number of training steps: 20000
Running lca with 1 models
models: [('LCA_l1s1', <class 'variants.LearnedClusterAttention.LearnedClusterAttention'>, {'T': 512, 'cluster_scale': 1.0, 'tau': 1.0, 'causal': True, 'force_one_cluster': False}, 1)]

----Training LCA_l1s1----
Checkpoints will be saved to models/lca/LCA_l1s1
LCA_l1s1: step 500/20000 | loss 2.8945
Saved checkpoint to models/lca/LCA_l1s1/checkpoint_step_500.pt
LCA_l1s1: step 1000/20000 | loss 2.7920
Saved checkpoint to models/lca/LCA_l1s1/checkpoint_step_1000.pt
LCA_l1s1: step 1500/20000 | loss 2.7619
Saved checkpoint to models/lca/LCA_l1s1/checkpoint_step_1500.pt
LCA_l1s1: step 2000/20000 | loss 2.7198
Saved checkpoint to models/lca/LCA_l1s1/checkpoint_step_2000.pt
LCA_l1s1: step 2500/20000 | loss 2.6949
Saved checkpoint to models/lca/LCA_l1s1/checkpoint_step_2500.pt
LCA_l1s1: step 3000/20000 | loss 2.7609
Saved checkpoint to models/lca/LCA_l1s1/checkpoint_step_3000.pt
LCA_l1s1: step 3500/20000 | loss 2.7055
Saved checkpoint to models/lca/LCA_l1s1/checkpoint_step_3500.pt
LCA_l1s1: step 4000/20000 | loss 2.6785
Saved checkpoint to models/lca/LCA_l1s1/checkpoint_step_4000.pt
LCA_l1s1: step 4500/20000 | loss 2.6462
Saved checkpoint to models/lca/LCA_l1s1/checkpoint_step_4500.pt
LCA_l1s1: step 5000/20000 | loss 2.6873
Saved checkpoint to models/lca/LCA_l1s1/checkpoint_step_5000.pt
LCA_l1s1: step 5500/20000 | loss 2.7016
Saved checkpoint to models/lca/LCA_l1s1/checkpoint_step_5500.pt
LCA_l1s1: step 6000/20000 | loss 2.7143
Saved checkpoint to models/lca/LCA_l1s1/checkpoint_step_6000.pt
LCA_l1s1: step 6500/20000 | loss 2.6450
Saved checkpoint to models/lca/LCA_l1s1/checkpoint_step_6500.pt
LCA_l1s1: step 7000/20000 | loss 2.6540
Saved checkpoint to models/lca/LCA_l1s1/checkpoint_step_7000.pt
LCA_l1s1: step 7500/20000 | loss 2.6161
Saved checkpoint to models/lca/LCA_l1s1/checkpoint_step_7500.pt
LCA_l1s1: step 8000/20000 | loss 2.6936
Saved checkpoint to models/lca/LCA_l1s1/checkpoint_step_8000.pt
LCA_l1s1: step 8500/20000 | loss 2.6782
Saved checkpoint to models/lca/LCA_l1s1/checkpoint_step_8500.pt
LCA_l1s1: step 9000/20000 | loss 2.6515
Saved checkpoint to models/lca/LCA_l1s1/checkpoint_step_9000.pt
LCA_l1s1: step 9500/20000 | loss 2.6380
Saved checkpoint to models/lca/LCA_l1s1/checkpoint_step_9500.pt
LCA_l1s1: step 10000/20000 | loss 2.6479
Saved checkpoint to models/lca/LCA_l1s1/checkpoint_step_10000.pt
LCA_l1s1: step 10500/20000 | loss 2.6506
Saved checkpoint to models/lca/LCA_l1s1/checkpoint_step_10500.pt
LCA_l1s1: step 11000/20000 | loss 2.6586
Saved checkpoint to models/lca/LCA_l1s1/checkpoint_step_11000.pt
LCA_l1s1: step 11500/20000 | loss 2.6356
Saved checkpoint to models/lca/LCA_l1s1/checkpoint_step_11500.pt
LCA_l1s1: step 12000/20000 | loss 2.6630
Saved checkpoint to models/lca/LCA_l1s1/checkpoint_step_12000.pt
LCA_l1s1: step 12500/20000 | loss 2.6877
Saved checkpoint to models/lca/LCA_l1s1/checkpoint_step_12500.pt
LCA_l1s1: step 13000/20000 | loss 2.6595
Saved checkpoint to models/lca/LCA_l1s1/checkpoint_step_13000.pt
LCA_l1s1: step 13500/20000 | loss 2.6697
Saved checkpoint to models/lca/LCA_l1s1/checkpoint_step_13500.pt
LCA_l1s1: step 14000/20000 | loss 2.6006
Saved checkpoint to models/lca/LCA_l1s1/checkpoint_step_14000.pt
LCA_l1s1: step 14500/20000 | loss 2.6748
Saved checkpoint to models/lca/LCA_l1s1/checkpoint_step_14500.pt
LCA_l1s1: step 15000/20000 | loss 2.6087
Saved checkpoint to models/lca/LCA_l1s1/checkpoint_step_15000.pt
LCA_l1s1: step 15500/20000 | loss 2.5773
Saved checkpoint to models/lca/LCA_l1s1/checkpoint_step_15500.pt
LCA_l1s1: step 16000/20000 | loss 2.6095
Saved checkpoint to models/lca/LCA_l1s1/checkpoint_step_16000.pt
LCA_l1s1: step 16500/20000 | loss 2.6360
Saved checkpoint to models/lca/LCA_l1s1/checkpoint_step_16500.pt
LCA_l1s1: step 17000/20000 | loss 2.6458
Saved checkpoint to models/lca/LCA_l1s1/checkpoint_step_17000.pt
LCA_l1s1: step 17500/20000 | loss 2.6329
Saved checkpoint to models/lca/LCA_l1s1/checkpoint_step_17500.pt
LCA_l1s1: step 18000/20000 | loss 2.5693
Saved checkpoint to models/lca/LCA_l1s1/checkpoint_step_18000.pt
LCA_l1s1: step 18500/20000 | loss 2.5673
Saved checkpoint to models/lca/LCA_l1s1/checkpoint_step_18500.pt
LCA_l1s1: step 19000/20000 | loss 2.6392
Saved checkpoint to models/lca/LCA_l1s1/checkpoint_step_19000.pt
LCA_l1s1: step 19500/20000 | loss 2.6201
Saved checkpoint to models/lca/LCA_l1s1/checkpoint_step_19500.pt
LCA_l1s1: step 20000/20000 | loss 2.6448
Saved checkpoint to models/lca/LCA_l1s1/checkpoint_step_20000.pt
LCA_l1s1: train bpb=3.7818 | val bpb=3.7914
Training completed successfully!
