Using device: cuda
Loading HEP dataset...
Dataset loaded: train=10000, val=2000, test=2000
Starting HEP training with runs.hep...
Loaded 8 models from runs.hep
Number of training steps: 20000
Sequence length T: 512
Running hep with 8 models
models: [('LCA_l2_s1', <class 'variants.LearnedClusterAttention.LearnedClusterAttention'>, {'T': 512, 'cluster_scale': 1.0, 'tau': 1.0, 'causal': False, 'force_one_cluster': False}, 2), ('LCA_l4_s1', <class 'variants.LearnedClusterAttention.LearnedClusterAttention'>, {'T': 512, 'cluster_scale': 1.0, 'tau': 1.0, 'causal': False, 'force_one_cluster': False}, 4), ('FastCKA_l2_s1', <class 'variants.FastCKA.FastCKA'>, {'T': 512, 'cluster_scale': 1.0, 'tau': 1.0, 'r': 32, 'causal': False}, 2), ('FastCKA_l4_s1', <class 'variants.FastCKA.FastCKA'>, {'T': 512, 'cluster_scale': 1.0, 'tau': 1.0, 'r': 32, 'causal': False}, 4), ('ClusterAttention_l2_s1', <class 'variants.ClusterAttention.ClusterAttention'>, {'cluster_scale': 1.0, 'causal': False}, 2), ('ClusterAttention_l4_s1', <class 'variants.ClusterAttention.ClusterAttention'>, {'cluster_scale': 1.0, 'causal': False}, 4), ('SuperClusterAttention_l2_s1', <class 'variants.SuperClusterAttention.SuperClusterAttention'>, {'T': 512, 'cluster_scale': 1.0, 'tau': 1.0, 'causal': False}, 2), ('SuperClusterAttention_l4_s1', <class 'variants.SuperClusterAttention.SuperClusterAttention'>, {'T': 512, 'cluster_scale': 1.0, 'tau': 1.0, 'causal': False}, 4)]

----Training LCA_l2_s1----
Checkpoints will be saved to models/hep/LCA_l2_s1
Error during training: LearnedClusterAttention.forward() got an unexpected keyword argument 'attn_mask'
Traceback (most recent call last):
  File "/n/home07/canisli/clusterattention/train_hep.py", line 273, in <module>
    run_all_models(runs_name=args.runs)
  File "/n/home07/canisli/clusterattention/train_hep.py", line 231, in run_all_models
    model = train(name, attn_class, attn_args, train_loader, val_loader, T, n_layers, steps, runs_name)
            ^^^^^^^^^^^^^^^^^^^^^^^^^^^^^^^^^^^^^^^^^^^^^^^^^^^^^^^^^^^^^^^^^^^^^^^^^^^^^^^^^^^^^^^^^^^
  File "/n/home07/canisli/clusterattention/train_hep.py", line 133, in train
    predictions, loss = model(features, targets, attn_mask=masks)
                        ^^^^^^^^^^^^^^^^^^^^^^^^^^^^^^^^^^^^^^^^^
  File "/n/home07/canisli/clusterattention/venv/lib/python3.12/site-packages/torch/nn/modules/module.py", line 1775, in _wrapped_call_impl
    return self._call_impl(*args, **kwargs)
           ^^^^^^^^^^^^^^^^^^^^^^^^^^^^^^^^
  File "/n/home07/canisli/clusterattention/venv/lib/python3.12/site-packages/torch/nn/modules/module.py", line 1786, in _call_impl
    return forward_call(*args, **kwargs)
           ^^^^^^^^^^^^^^^^^^^^^^^^^^^^^
  File "/n/home07/canisli/clusterattention/transformer/TransformerRegressor.py", line 90, in forward
    h = layer(h, attn_mask=attn_mask)  # (B, T_seq, dim)
        ^^^^^^^^^^^^^^^^^^^^^^^^^^^^^
  File "/n/home07/canisli/clusterattention/venv/lib/python3.12/site-packages/torch/nn/modules/module.py", line 1775, in _wrapped_call_impl
    return self._call_impl(*args, **kwargs)
           ^^^^^^^^^^^^^^^^^^^^^^^^^^^^^^^^
  File "/n/home07/canisli/clusterattention/venv/lib/python3.12/site-packages/torch/nn/modules/module.py", line 1786, in _call_impl
    return forward_call(*args, **kwargs)
           ^^^^^^^^^^^^^^^^^^^^^^^^^^^^^
  File "/n/home07/canisli/clusterattention/transformer/TransformerLayer.py", line 22, in forward
    out = self.attn(y, attn_mask=attn_mask)  # B,T,dim
          ^^^^^^^^^^^^^^^^^^^^^^^^^^^^^^^^^
  File "/n/home07/canisli/clusterattention/venv/lib/python3.12/site-packages/torch/nn/modules/module.py", line 1775, in _wrapped_call_impl
    return self._call_impl(*args, **kwargs)
           ^^^^^^^^^^^^^^^^^^^^^^^^^^^^^^^^
  File "/n/home07/canisli/clusterattention/venv/lib/python3.12/site-packages/torch/nn/modules/module.py", line 1786, in _call_impl
    return forward_call(*args, **kwargs)
           ^^^^^^^^^^^^^^^^^^^^^^^^^^^^^
TypeError: LearnedClusterAttention.forward() got an unexpected keyword argument 'attn_mask'

