Loading enwik8...
Total bytes: 100000000
number of training steps: 50000
Starting training...

----Training FastCKA_l2_s1----
FastCKA_l2_s1: step 500/50000 | loss 2.8160
FastCKA_l2_s1: step 1000/50000 | loss 2.6916
FastCKA_l2_s1: step 1500/50000 | loss 2.6175
FastCKA_l2_s1: step 2000/50000 | loss 2.5744
FastCKA_l2_s1: step 2500/50000 | loss 2.6018
FastCKA_l2_s1: step 3000/50000 | loss 2.5867
FastCKA_l2_s1: step 3500/50000 | loss 2.5250
FastCKA_l2_s1: step 4000/50000 | loss 2.5149
FastCKA_l2_s1: step 4500/50000 | loss 2.4906
FastCKA_l2_s1: step 5000/50000 | loss 2.4456
FastCKA_l2_s1: step 5500/50000 | loss 2.3248
FastCKA_l2_s1: step 6000/50000 | loss 2.4544
FastCKA_l2_s1: step 6500/50000 | loss 2.3088
FastCKA_l2_s1: step 7000/50000 | loss 2.3154
FastCKA_l2_s1: step 7500/50000 | loss 2.4509
FastCKA_l2_s1: step 8000/50000 | loss 2.3118
FastCKA_l2_s1: step 8500/50000 | loss 2.2478
FastCKA_l2_s1: step 9000/50000 | loss 2.2643
FastCKA_l2_s1: step 9500/50000 | loss 2.2675
FastCKA_l2_s1: step 10000/50000 | loss 2.1282
FastCKA_l2_s1: step 10500/50000 | loss 2.1902
FastCKA_l2_s1: step 11000/50000 | loss 2.2217
FastCKA_l2_s1: step 11500/50000 | loss 2.1606
FastCKA_l2_s1: step 12000/50000 | loss 2.0850
FastCKA_l2_s1: step 12500/50000 | loss 2.0671
FastCKA_l2_s1: step 13000/50000 | loss 1.9598
FastCKA_l2_s1: step 13500/50000 | loss 1.9684
FastCKA_l2_s1: step 14000/50000 | loss 1.8860
FastCKA_l2_s1: step 14500/50000 | loss 1.8218
FastCKA_l2_s1: step 15000/50000 | loss 1.7625
FastCKA_l2_s1: step 15500/50000 | loss 1.8089
FastCKA_l2_s1: step 16000/50000 | loss 1.8203
FastCKA_l2_s1: step 16500/50000 | loss 1.7266
FastCKA_l2_s1: step 17000/50000 | loss 1.6971
FastCKA_l2_s1: step 17500/50000 | loss 1.6495
FastCKA_l2_s1: step 18000/50000 | loss 1.6854
FastCKA_l2_s1: step 18500/50000 | loss 1.7241
FastCKA_l2_s1: step 19000/50000 | loss 1.6062
FastCKA_l2_s1: step 19500/50000 | loss 1.5857
FastCKA_l2_s1: step 20000/50000 | loss 1.5849
FastCKA_l2_s1: step 20500/50000 | loss 1.5141
FastCKA_l2_s1: step 21000/50000 | loss 1.6302
FastCKA_l2_s1: step 21500/50000 | loss 1.5670
FastCKA_l2_s1: step 22000/50000 | loss 1.5694
FastCKA_l2_s1: step 22500/50000 | loss 1.5362
FastCKA_l2_s1: step 23000/50000 | loss 1.6251
FastCKA_l2_s1: step 23500/50000 | loss 1.4986
FastCKA_l2_s1: step 24000/50000 | loss 1.5566
FastCKA_l2_s1: step 24500/50000 | loss 1.5171
FastCKA_l2_s1: step 25000/50000 | loss 1.5627
FastCKA_l2_s1: step 25500/50000 | loss 1.4723
FastCKA_l2_s1: step 26000/50000 | loss 1.4660
FastCKA_l2_s1: step 26500/50000 | loss 1.4425
FastCKA_l2_s1: step 27000/50000 | loss 1.4648
FastCKA_l2_s1: step 27500/50000 | loss 1.4696
FastCKA_l2_s1: step 28000/50000 | loss 1.3255
FastCKA_l2_s1: step 28500/50000 | loss 1.4330
FastCKA_l2_s1: step 29000/50000 | loss 1.5285
FastCKA_l2_s1: step 29500/50000 | loss 1.3538
FastCKA_l2_s1: step 30000/50000 | loss 1.4563
FastCKA_l2_s1: step 30500/50000 | loss 1.4755
FastCKA_l2_s1: step 31000/50000 | loss 1.4364
FastCKA_l2_s1: step 31500/50000 | loss 1.4341
FastCKA_l2_s1: step 32000/50000 | loss 1.3908
FastCKA_l2_s1: step 32500/50000 | loss 1.3377
FastCKA_l2_s1: step 33000/50000 | loss 1.3926
FastCKA_l2_s1: step 33500/50000 | loss 1.4584
FastCKA_l2_s1: step 34000/50000 | loss 1.4152
FastCKA_l2_s1: step 34500/50000 | loss 1.3575
FastCKA_l2_s1: step 35000/50000 | loss 1.4083
FastCKA_l2_s1: step 35500/50000 | loss 1.3592
FastCKA_l2_s1: step 36000/50000 | loss 1.3726
FastCKA_l2_s1: step 36500/50000 | loss 1.3352
FastCKA_l2_s1: step 37000/50000 | loss 1.4288
FastCKA_l2_s1: step 37500/50000 | loss 1.3162
FastCKA_l2_s1: step 38000/50000 | loss 1.3145
FastCKA_l2_s1: step 38500/50000 | loss 1.3456
FastCKA_l2_s1: step 39000/50000 | loss 1.2910
FastCKA_l2_s1: step 39500/50000 | loss 1.3254
FastCKA_l2_s1: step 40000/50000 | loss 1.3023
FastCKA_l2_s1: step 40500/50000 | loss 1.3663
FastCKA_l2_s1: step 41000/50000 | loss 1.3240
FastCKA_l2_s1: step 41500/50000 | loss 1.2798
FastCKA_l2_s1: step 42000/50000 | loss 1.3308
FastCKA_l2_s1: step 42500/50000 | loss 1.3777
FastCKA_l2_s1: step 43000/50000 | loss 1.3745
FastCKA_l2_s1: step 43500/50000 | loss 1.3131
FastCKA_l2_s1: step 44000/50000 | loss 1.3293
FastCKA_l2_s1: step 44500/50000 | loss 1.3375
FastCKA_l2_s1: step 45000/50000 | loss 1.3490
FastCKA_l2_s1: step 45500/50000 | loss 1.2799
FastCKA_l2_s1: step 46000/50000 | loss 1.2780
FastCKA_l2_s1: step 46500/50000 | loss 1.3883
FastCKA_l2_s1: step 47000/50000 | loss 1.3192
FastCKA_l2_s1: step 47500/50000 | loss 1.2579
FastCKA_l2_s1: step 48000/50000 | loss 1.3422
FastCKA_l2_s1: step 48500/50000 | loss 1.3545
FastCKA_l2_s1: step 49000/50000 | loss 1.2843
FastCKA_l2_s1: step 49500/50000 | loss 1.3545
FastCKA_l2_s1: step 50000/50000 | loss 1.3505
FastCKA_l2_s1: train bpb=1.8689 | val bpb=1.9177
Training completed successfully!
