Loading enwik8...
Total bytes: 100000000
number of training steps: 50000
Starting training with runs.causal...
Loaded 9 models from runs.causal
Running causal with 9 models
models: [('LinearAttention', <class 'variants.LinearAttention.LinearAttention'>, {'eps': 1e-06, 'causal': True}, 1), ('LinearAttention', <class 'variants.LinearAttention.LinearAttention'>, {'eps': 1e-06, 'causal': True}, 4), ('LinearAttention', <class 'variants.LinearAttention.LinearAttention'>, {'eps': 1e-06, 'causal': True}, 8), ('FastCKA_l1_s1', <class 'variants.FastCKA.FastCKA'>, {'T': 512, 'cluster_scale': 1.0, 'tau': 1.0, 'r': 32, 'causal': True}, 1), ('FastCKA_l4_s1', <class 'variants.FastCKA.FastCKA'>, {'T': 512, 'cluster_scale': 1.0, 'tau': 1.0, 'r': 32, 'causal': True}, 4), ('FastCKA_l8_s1', <class 'variants.FastCKA.FastCKA'>, {'T': 512, 'cluster_scale': 1.0, 'tau': 1.0, 'r': 32, 'causal': True}, 8), ('MHA', <class 'variants.MHA.MHA'>, {'causal': True}, 1), ('MHA', <class 'variants.MHA.MHA'>, {'causal': True}, 4), ('MHA', <class 'variants.MHA.MHA'>, {'causal': True}, 8)]

----Training LinearAttention----
LinearAttention: step 500/50000 | loss 2.8369
LinearAttention: step 1000/50000 | loss 2.7038
LinearAttention: step 1500/50000 | loss 2.6220
LinearAttention: step 2000/50000 | loss 2.6680
LinearAttention: step 2500/50000 | loss 2.6219
LinearAttention: step 3000/50000 | loss 2.6085
LinearAttention: step 3500/50000 | loss 2.5786
LinearAttention: step 4000/50000 | loss 2.5626
LinearAttention: step 4500/50000 | loss 2.4717
LinearAttention: step 5000/50000 | loss 2.5048
LinearAttention: step 5500/50000 | loss 2.5339
LinearAttention: step 6000/50000 | loss 2.5206
LinearAttention: step 6500/50000 | loss 2.4330
LinearAttention: step 7000/50000 | loss 2.3763
LinearAttention: step 7500/50000 | loss 2.4153
LinearAttention: step 8000/50000 | loss 2.3611
LinearAttention: step 8500/50000 | loss 2.3750
LinearAttention: step 9000/50000 | loss 2.4482
LinearAttention: step 9500/50000 | loss 2.3850
LinearAttention: step 10000/50000 | loss 2.3706
LinearAttention: step 10500/50000 | loss 2.3053
LinearAttention: step 11000/50000 | loss 2.3316
LinearAttention: step 11500/50000 | loss 2.2491
LinearAttention: step 12000/50000 | loss 2.2966
LinearAttention: step 12500/50000 | loss 2.2115
LinearAttention: step 13000/50000 | loss 2.3143
LinearAttention: step 13500/50000 | loss 2.1301
LinearAttention: step 14000/50000 | loss 2.1368
LinearAttention: step 14500/50000 | loss 2.0497
LinearAttention: step 15000/50000 | loss 2.2299
LinearAttention: step 15500/50000 | loss 2.0556
LinearAttention: step 16000/50000 | loss 2.0647
LinearAttention: step 16500/50000 | loss 1.9931
LinearAttention: step 17000/50000 | loss 2.0062
LinearAttention: step 17500/50000 | loss 1.9762
LinearAttention: step 18000/50000 | loss 1.9634
LinearAttention: step 18500/50000 | loss 1.8911
LinearAttention: step 19000/50000 | loss 1.9183
LinearAttention: step 19500/50000 | loss 1.8976
LinearAttention: step 20000/50000 | loss 1.8655
LinearAttention: step 20500/50000 | loss 1.8573
LinearAttention: step 21000/50000 | loss 1.7516
LinearAttention: step 21500/50000 | loss 1.7764
LinearAttention: step 22000/50000 | loss 1.8144
LinearAttention: step 22500/50000 | loss 1.8197
LinearAttention: step 23000/50000 | loss 1.8244
LinearAttention: step 23500/50000 | loss 1.7437
LinearAttention: step 24000/50000 | loss 1.7348
LinearAttention: step 24500/50000 | loss 1.6948
LinearAttention: step 25000/50000 | loss 1.7324
LinearAttention: step 25500/50000 | loss 1.6076
LinearAttention: step 26000/50000 | loss 1.6427
LinearAttention: step 26500/50000 | loss 1.6632
LinearAttention: step 27000/50000 | loss 1.7387
LinearAttention: step 27500/50000 | loss 1.7090
LinearAttention: step 28000/50000 | loss 1.6873
LinearAttention: step 28500/50000 | loss 1.6853
LinearAttention: step 29000/50000 | loss 1.8248
LinearAttention: step 29500/50000 | loss 1.7252
LinearAttention: step 30000/50000 | loss 1.6284
LinearAttention: step 30500/50000 | loss 1.6724
LinearAttention: step 31000/50000 | loss 1.6857
LinearAttention: step 31500/50000 | loss 1.5798
LinearAttention: step 32000/50000 | loss 1.6204
LinearAttention: step 32500/50000 | loss 1.7034
LinearAttention: step 33000/50000 | loss 1.6716
LinearAttention: step 33500/50000 | loss 1.6241
LinearAttention: step 34000/50000 | loss 1.6192
LinearAttention: step 34500/50000 | loss 1.6360
LinearAttention: step 35000/50000 | loss 1.6755
LinearAttention: step 35500/50000 | loss 1.6299
LinearAttention: step 36000/50000 | loss 1.6917
LinearAttention: step 36500/50000 | loss 1.6631
LinearAttention: step 37000/50000 | loss 1.6959
LinearAttention: step 37500/50000 | loss 1.6476
LinearAttention: step 38000/50000 | loss 1.6288
LinearAttention: step 38500/50000 | loss 1.6669
LinearAttention: step 39000/50000 | loss 1.7022
LinearAttention: step 39500/50000 | loss 1.6977
LinearAttention: step 40000/50000 | loss 1.6305
LinearAttention: step 40500/50000 | loss 1.5929
LinearAttention: step 41000/50000 | loss 1.6206
LinearAttention: step 41500/50000 | loss 1.5232
LinearAttention: step 42000/50000 | loss 1.6985
LinearAttention: step 42500/50000 | loss 1.5966
LinearAttention: step 43000/50000 | loss 1.6033
LinearAttention: step 43500/50000 | loss 1.5391
LinearAttention: step 44000/50000 | loss 1.6489
LinearAttention: step 44500/50000 | loss 1.5314
LinearAttention: step 45000/50000 | loss 1.5196
LinearAttention: step 45500/50000 | loss 1.6052
LinearAttention: step 46000/50000 | loss 1.6979
LinearAttention: step 46500/50000 | loss 1.4564
LinearAttention: step 47000/50000 | loss 1.4714
LinearAttention: step 47500/50000 | loss 1.5968
LinearAttention: step 48000/50000 | loss 1.6093
LinearAttention: step 48500/50000 | loss 1.5478
LinearAttention: step 49000/50000 | loss 1.5181
LinearAttention: step 49500/50000 | loss 1.5126
LinearAttention: step 50000/50000 | loss 1.5656
LinearAttention: train bpb=2.2734 | val bpb=2.3009

----Training LinearAttention----
LinearAttention: step 500/50000 | loss 2.8276
LinearAttention: step 1000/50000 | loss 2.7346
LinearAttention: step 1500/50000 | loss 2.6583
LinearAttention: step 2000/50000 | loss 2.5475
LinearAttention: step 2500/50000 | loss 2.4957
LinearAttention: step 3000/50000 | loss 2.5253
LinearAttention: step 3500/50000 | loss 2.4765
LinearAttention: step 4000/50000 | loss 2.4388
LinearAttention: step 4500/50000 | loss 2.3397
LinearAttention: step 5000/50000 | loss 2.3582
LinearAttention: step 5500/50000 | loss 2.2915
LinearAttention: step 6000/50000 | loss 2.3078
LinearAttention: step 6500/50000 | loss 2.2151
LinearAttention: step 7000/50000 | loss 2.2443
LinearAttention: step 7500/50000 | loss 2.1984
LinearAttention: step 8000/50000 | loss 2.1203
LinearAttention: step 8500/50000 | loss 2.0595
LinearAttention: step 9000/50000 | loss 2.1097
LinearAttention: step 9500/50000 | loss 1.8942
LinearAttention: step 10000/50000 | loss 1.8376
LinearAttention: step 10500/50000 | loss 1.9238
LinearAttention: step 11000/50000 | loss 1.8227
LinearAttention: step 11500/50000 | loss 1.7989
LinearAttention: step 12000/50000 | loss 1.6679
LinearAttention: step 12500/50000 | loss 1.6354
LinearAttention: step 13000/50000 | loss 1.6098
LinearAttention: step 13500/50000 | loss 1.6252
LinearAttention: step 14000/50000 | loss 1.6276
LinearAttention: step 14500/50000 | loss 1.5399
LinearAttention: step 15000/50000 | loss 1.5498
LinearAttention: step 15500/50000 | loss 1.5542
LinearAttention: step 16000/50000 | loss 1.5688
LinearAttention: step 16500/50000 | loss 1.5031
LinearAttention: step 17000/50000 | loss 1.4380
LinearAttention: step 17500/50000 | loss 1.4773
LinearAttention: step 18000/50000 | loss 1.5466
LinearAttention: step 18500/50000 | loss 1.4856
LinearAttention: step 19000/50000 | loss 1.4193
LinearAttention: step 19500/50000 | loss 1.4139
LinearAttention: step 20000/50000 | loss 1.4530
LinearAttention: step 20500/50000 | loss 1.4536
LinearAttention: step 21000/50000 | loss 1.3482
LinearAttention: step 21500/50000 | loss 1.3413
LinearAttention: step 22000/50000 | loss 1.3091
LinearAttention: step 22500/50000 | loss 1.2826
LinearAttention: step 23000/50000 | loss 1.4196
LinearAttention: step 23500/50000 | loss 1.3221
LinearAttention: step 24000/50000 | loss 1.3291
LinearAttention: step 24500/50000 | loss 1.3467
LinearAttention: step 25000/50000 | loss 1.2947
LinearAttention: step 25500/50000 | loss 1.3441
LinearAttention: step 26000/50000 | loss 1.3377
LinearAttention: step 26500/50000 | loss 1.3639
LinearAttention: step 27000/50000 | loss 1.3118
LinearAttention: step 27500/50000 | loss 1.2674
LinearAttention: step 28000/50000 | loss 1.1970
LinearAttention: step 28500/50000 | loss 1.2822
LinearAttention: step 29000/50000 | loss 1.3251
LinearAttention: step 29500/50000 | loss 1.2999
LinearAttention: step 30000/50000 | loss 1.2808
LinearAttention: step 30500/50000 | loss 1.2654
LinearAttention: step 31000/50000 | loss 1.2221
LinearAttention: step 31500/50000 | loss 1.2088
LinearAttention: step 32000/50000 | loss 1.2145
LinearAttention: step 32500/50000 | loss 1.2512
LinearAttention: step 33000/50000 | loss 1.2995
LinearAttention: step 33500/50000 | loss 1.2468
LinearAttention: step 34000/50000 | loss 1.2755
LinearAttention: step 34500/50000 | loss 1.2569
LinearAttention: step 35000/50000 | loss 1.2212
LinearAttention: step 35500/50000 | loss 1.3076
LinearAttention: step 36000/50000 | loss 1.2372
LinearAttention: step 36500/50000 | loss 1.1507
LinearAttention: step 37000/50000 | loss 1.1633
LinearAttention: step 37500/50000 | loss 1.2269
LinearAttention: step 38000/50000 | loss 1.1919
LinearAttention: step 38500/50000 | loss 1.2284
LinearAttention: step 39000/50000 | loss 1.2631
LinearAttention: step 39500/50000 | loss 1.2837
LinearAttention: step 40000/50000 | loss 1.1629
LinearAttention: step 40500/50000 | loss 1.1699
LinearAttention: step 41000/50000 | loss 1.1792
LinearAttention: step 41500/50000 | loss 1.1560
LinearAttention: step 42000/50000 | loss 1.1702
LinearAttention: step 42500/50000 | loss 1.1819
LinearAttention: step 43000/50000 | loss 1.2538
LinearAttention: step 43500/50000 | loss 1.2207
LinearAttention: step 44000/50000 | loss 1.2674
LinearAttention: step 44500/50000 | loss 1.1943
LinearAttention: step 45000/50000 | loss 1.1496
LinearAttention: step 45500/50000 | loss 1.2537
LinearAttention: step 46000/50000 | loss 1.1842
LinearAttention: step 46500/50000 | loss 1.1899
LinearAttention: step 47000/50000 | loss 1.1351
LinearAttention: step 47500/50000 | loss 1.2094
LinearAttention: step 48000/50000 | loss 1.2081
LinearAttention: step 48500/50000 | loss 1.2152
LinearAttention: step 49000/50000 | loss 1.1884
LinearAttention: step 49500/50000 | loss 1.1506
LinearAttention: step 50000/50000 | loss 1.2027
LinearAttention: train bpb=1.6748 | val bpb=1.7431

----Training LinearAttention----
LinearAttention: step 500/50000 | loss 2.7645
LinearAttention: step 1000/50000 | loss 2.5769
LinearAttention: step 1500/50000 | loss 2.5365
LinearAttention: step 2000/50000 | loss 2.3815
LinearAttention: step 2500/50000 | loss 2.4470
LinearAttention: step 3000/50000 | loss 2.2825
LinearAttention: step 3500/50000 | loss 2.2885
LinearAttention: step 4000/50000 | loss 2.2438
LinearAttention: step 4500/50000 | loss 2.1556
LinearAttention: step 5000/50000 | loss 1.8921
LinearAttention: step 5500/50000 | loss 1.9535
LinearAttention: step 6000/50000 | loss 1.8859
LinearAttention: step 6500/50000 | loss 1.7158
LinearAttention: step 7000/50000 | loss 1.6216
LinearAttention: step 7500/50000 | loss 1.6846
LinearAttention: step 8000/50000 | loss 1.5734
LinearAttention: step 8500/50000 | loss 1.6446
LinearAttention: step 9000/50000 | loss 1.5462
LinearAttention: step 9500/50000 | loss 1.5152
LinearAttention: step 10000/50000 | loss 1.4548
LinearAttention: step 10500/50000 | loss 1.4140
LinearAttention: step 11000/50000 | loss 1.4468
LinearAttention: step 11500/50000 | loss 1.3955
LinearAttention: step 12000/50000 | loss 1.3614
LinearAttention: step 12500/50000 | loss 1.3354
LinearAttention: step 13000/50000 | loss 1.3731
LinearAttention: step 13500/50000 | loss 1.2836
LinearAttention: step 14000/50000 | loss 1.2881
LinearAttention: step 14500/50000 | loss 1.3340
LinearAttention: step 15000/50000 | loss 1.2766
LinearAttention: step 15500/50000 | loss 1.2527
LinearAttention: step 16000/50000 | loss 1.2792
LinearAttention: step 16500/50000 | loss 1.2251
LinearAttention: step 17000/50000 | loss 1.2570
LinearAttention: step 17500/50000 | loss 1.3011
LinearAttention: step 18000/50000 | loss 1.2690
LinearAttention: step 18500/50000 | loss 1.2672
LinearAttention: step 19000/50000 | loss 1.1532
LinearAttention: step 19500/50000 | loss 1.2610
LinearAttention: step 20000/50000 | loss 1.1613
LinearAttention: step 20500/50000 | loss 1.2649
LinearAttention: step 21000/50000 | loss 1.1811
LinearAttention: step 21500/50000 | loss 1.1516
LinearAttention: step 22000/50000 | loss 1.2249
LinearAttention: step 22500/50000 | loss 1.1372
LinearAttention: step 23000/50000 | loss 1.1907
LinearAttention: step 23500/50000 | loss 1.1255
LinearAttention: step 24000/50000 | loss 1.2300
LinearAttention: step 24500/50000 | loss 1.1771
LinearAttention: step 25000/50000 | loss 1.1902
LinearAttention: step 25500/50000 | loss 1.2275
LinearAttention: step 26000/50000 | loss 1.1174
LinearAttention: step 26500/50000 | loss 1.1891
LinearAttention: step 27000/50000 | loss 1.1899
LinearAttention: step 27500/50000 | loss 1.1340
LinearAttention: step 28000/50000 | loss 1.1448
LinearAttention: step 28500/50000 | loss 1.1723
LinearAttention: step 29000/50000 | loss 1.0651
LinearAttention: step 29500/50000 | loss 1.1820
LinearAttention: step 30000/50000 | loss 1.1450
LinearAttention: step 30500/50000 | loss 1.1557
LinearAttention: step 31000/50000 | loss 1.1983
LinearAttention: step 31500/50000 | loss 1.1369
LinearAttention: step 32000/50000 | loss 1.2222
LinearAttention: step 32500/50000 | loss 1.1741
LinearAttention: step 33000/50000 | loss 1.1245
LinearAttention: step 33500/50000 | loss 1.1299
LinearAttention: step 34000/50000 | loss 1.0954
LinearAttention: step 34500/50000 | loss 1.0608
LinearAttention: step 35000/50000 | loss 1.1552
LinearAttention: step 35500/50000 | loss 1.1386
LinearAttention: step 36000/50000 | loss 1.0860
LinearAttention: step 36500/50000 | loss 0.9905
LinearAttention: step 37000/50000 | loss 1.0907
LinearAttention: step 37500/50000 | loss 1.1385
LinearAttention: step 38000/50000 | loss 1.0969
LinearAttention: step 38500/50000 | loss 1.0383
LinearAttention: step 39000/50000 | loss 1.0451
LinearAttention: step 39500/50000 | loss 1.0708
LinearAttention: step 40000/50000 | loss 1.1608
LinearAttention: step 40500/50000 | loss 1.1435
LinearAttention: step 41000/50000 | loss 0.9886
LinearAttention: step 41500/50000 | loss 1.0741
LinearAttention: step 42000/50000 | loss 1.1282
LinearAttention: step 42500/50000 | loss 1.1040
LinearAttention: step 43000/50000 | loss 1.0947
LinearAttention: step 43500/50000 | loss 1.0814
LinearAttention: step 44000/50000 | loss 1.1153
LinearAttention: step 44500/50000 | loss 1.0684
LinearAttention: step 45000/50000 | loss 1.0168
LinearAttention: step 45500/50000 | loss 1.0762
LinearAttention: step 46000/50000 | loss 1.1104
LinearAttention: step 46500/50000 | loss 1.0582
LinearAttention: step 47000/50000 | loss 1.1214
LinearAttention: step 47500/50000 | loss 1.0192
LinearAttention: step 48000/50000 | loss 1.0608
LinearAttention: step 48500/50000 | loss 1.0014
LinearAttention: step 49000/50000 | loss 1.1214
LinearAttention: step 49500/50000 | loss 1.1562
LinearAttention: step 50000/50000 | loss 1.0556
LinearAttention: train bpb=1.5294 | val bpb=1.6051

----Training FastCKA_l1_s1----
FastCKA_l1_s1: step 500/50000 | loss 2.8081
FastCKA_l1_s1: step 1000/50000 | loss 2.7578
FastCKA_l1_s1: step 1500/50000 | loss 2.6625
FastCKA_l1_s1: step 2000/50000 | loss 2.6013
FastCKA_l1_s1: step 2500/50000 | loss 2.5620
FastCKA_l1_s1: step 3000/50000 | loss 2.5343
FastCKA_l1_s1: step 3500/50000 | loss 2.5905
FastCKA_l1_s1: step 4000/50000 | loss 2.5073
FastCKA_l1_s1: step 4500/50000 | loss 2.4444
FastCKA_l1_s1: step 5000/50000 | loss 2.3613
FastCKA_l1_s1: step 5500/50000 | loss 2.4876
FastCKA_l1_s1: step 6000/50000 | loss 2.4823
FastCKA_l1_s1: step 6500/50000 | loss 2.4067
FastCKA_l1_s1: step 7000/50000 | loss 2.4580
FastCKA_l1_s1: step 7500/50000 | loss 2.4147
FastCKA_l1_s1: step 8000/50000 | loss 2.3590
FastCKA_l1_s1: step 8500/50000 | loss 2.4089
FastCKA_l1_s1: step 9000/50000 | loss 2.3942
FastCKA_l1_s1: step 9500/50000 | loss 2.3485
FastCKA_l1_s1: step 10000/50000 | loss 2.4861
FastCKA_l1_s1: step 10500/50000 | loss 2.4352
FastCKA_l1_s1: step 11000/50000 | loss 2.3675
FastCKA_l1_s1: step 11500/50000 | loss 2.2762
FastCKA_l1_s1: step 12000/50000 | loss 2.3968
FastCKA_l1_s1: step 12500/50000 | loss 2.3058
FastCKA_l1_s1: step 13000/50000 | loss 2.2773
FastCKA_l1_s1: step 13500/50000 | loss 2.3046
FastCKA_l1_s1: step 14000/50000 | loss 2.3365
FastCKA_l1_s1: step 14500/50000 | loss 2.1150
FastCKA_l1_s1: step 15000/50000 | loss 2.2460
FastCKA_l1_s1: step 15500/50000 | loss 2.2030
FastCKA_l1_s1: step 16000/50000 | loss 2.1700
FastCKA_l1_s1: step 16500/50000 | loss 2.1497
FastCKA_l1_s1: step 17000/50000 | loss 2.1478
FastCKA_l1_s1: step 17500/50000 | loss 2.1525
FastCKA_l1_s1: step 18000/50000 | loss 2.0484
FastCKA_l1_s1: step 18500/50000 | loss 2.0971
FastCKA_l1_s1: step 19000/50000 | loss 2.0206
FastCKA_l1_s1: step 19500/50000 | loss 1.9121
FastCKA_l1_s1: step 20000/50000 | loss 1.9675
FastCKA_l1_s1: step 20500/50000 | loss 1.9591
FastCKA_l1_s1: step 21000/50000 | loss 1.9202
FastCKA_l1_s1: step 21500/50000 | loss 1.8807
FastCKA_l1_s1: step 22000/50000 | loss 1.9526
FastCKA_l1_s1: step 22500/50000 | loss 1.8305
FastCKA_l1_s1: step 23000/50000 | loss 1.8196
FastCKA_l1_s1: step 23500/50000 | loss 1.8219
FastCKA_l1_s1: step 24000/50000 | loss 1.8249
FastCKA_l1_s1: step 24500/50000 | loss 1.8324
FastCKA_l1_s1: step 25000/50000 | loss 1.8011
FastCKA_l1_s1: step 25500/50000 | loss 1.7243
FastCKA_l1_s1: step 26000/50000 | loss 1.7453
FastCKA_l1_s1: step 26500/50000 | loss 1.7355
FastCKA_l1_s1: step 27000/50000 | loss 1.6731
FastCKA_l1_s1: step 27500/50000 | loss 1.7700
FastCKA_l1_s1: step 28000/50000 | loss 1.8039
FastCKA_l1_s1: step 28500/50000 | loss 1.7449
FastCKA_l1_s1: step 29000/50000 | loss 1.7180
FastCKA_l1_s1: step 29500/50000 | loss 1.7220
FastCKA_l1_s1: step 30000/50000 | loss 1.6412
FastCKA_l1_s1: step 30500/50000 | loss 1.7413
FastCKA_l1_s1: step 31000/50000 | loss 1.7388
FastCKA_l1_s1: step 31500/50000 | loss 1.6280
FastCKA_l1_s1: step 32000/50000 | loss 1.6694
FastCKA_l1_s1: step 32500/50000 | loss 1.6829
FastCKA_l1_s1: step 33000/50000 | loss 1.6685
FastCKA_l1_s1: step 33500/50000 | loss 1.6340
FastCKA_l1_s1: step 34000/50000 | loss 1.6970
FastCKA_l1_s1: step 34500/50000 | loss 1.6817
FastCKA_l1_s1: step 35000/50000 | loss 1.7103
FastCKA_l1_s1: step 35500/50000 | loss 1.6576
FastCKA_l1_s1: step 36000/50000 | loss 1.6684
FastCKA_l1_s1: step 36500/50000 | loss 1.5829
FastCKA_l1_s1: step 37000/50000 | loss 1.6448
FastCKA_l1_s1: step 37500/50000 | loss 1.6117
FastCKA_l1_s1: step 38000/50000 | loss 1.6053
FastCKA_l1_s1: step 38500/50000 | loss 1.6602
FastCKA_l1_s1: step 39000/50000 | loss 1.6735
FastCKA_l1_s1: step 39500/50000 | loss 1.5621
FastCKA_l1_s1: step 40000/50000 | loss 1.6318
FastCKA_l1_s1: step 40500/50000 | loss 1.5571
FastCKA_l1_s1: step 41000/50000 | loss 1.7309
FastCKA_l1_s1: step 41500/50000 | loss 1.5988
FastCKA_l1_s1: step 42000/50000 | loss 1.5995
FastCKA_l1_s1: step 42500/50000 | loss 1.5216
FastCKA_l1_s1: step 43000/50000 | loss 1.5487
FastCKA_l1_s1: step 43500/50000 | loss 1.5812
FastCKA_l1_s1: step 44000/50000 | loss 1.5654
FastCKA_l1_s1: step 44500/50000 | loss 1.6030
FastCKA_l1_s1: step 45000/50000 | loss 1.6475
FastCKA_l1_s1: step 45500/50000 | loss 1.6433
FastCKA_l1_s1: step 46000/50000 | loss 1.5644
FastCKA_l1_s1: step 46500/50000 | loss 1.6056
FastCKA_l1_s1: step 47000/50000 | loss 1.6071
FastCKA_l1_s1: step 47500/50000 | loss 1.5691
FastCKA_l1_s1: step 48000/50000 | loss 1.4982
FastCKA_l1_s1: step 48500/50000 | loss 1.6203
FastCKA_l1_s1: step 49000/50000 | loss 1.6555
FastCKA_l1_s1: step 49500/50000 | loss 1.5148
FastCKA_l1_s1: step 50000/50000 | loss 1.5382
FastCKA_l1_s1: train bpb=2.2553 | val bpb=2.2887

----Training FastCKA_l4_s1----
FastCKA_l4_s1: step 500/50000 | loss 2.6893
FastCKA_l4_s1: step 1000/50000 | loss 2.7038
FastCKA_l4_s1: step 1500/50000 | loss 2.6023
FastCKA_l4_s1: step 2000/50000 | loss 2.5345
FastCKA_l4_s1: step 2500/50000 | loss 2.5537
FastCKA_l4_s1: step 3000/50000 | loss 2.5362
FastCKA_l4_s1: step 3500/50000 | loss 2.4189
FastCKA_l4_s1: step 4000/50000 | loss 2.4097
FastCKA_l4_s1: step 4500/50000 | loss 2.4436
FastCKA_l4_s1: step 5000/50000 | loss 2.3598
FastCKA_l4_s1: step 5500/50000 | loss 2.4418
FastCKA_l4_s1: step 6000/50000 | loss 2.2617
FastCKA_l4_s1: step 6500/50000 | loss 2.3181
FastCKA_l4_s1: step 7000/50000 | loss 2.2182
FastCKA_l4_s1: step 7500/50000 | loss 2.2561
FastCKA_l4_s1: step 8000/50000 | loss 2.2044
FastCKA_l4_s1: step 8500/50000 | loss 2.0914
FastCKA_l4_s1: step 9000/50000 | loss 1.9481
FastCKA_l4_s1: step 9500/50000 | loss 1.9969
FastCKA_l4_s1: step 10000/50000 | loss 1.9392
FastCKA_l4_s1: step 10500/50000 | loss 1.9385
FastCKA_l4_s1: step 11000/50000 | loss 1.7060
FastCKA_l4_s1: step 11500/50000 | loss 1.7551
FastCKA_l4_s1: step 12000/50000 | loss 1.6925
FastCKA_l4_s1: step 12500/50000 | loss 1.7208
FastCKA_l4_s1: step 13000/50000 | loss 1.6042
FastCKA_l4_s1: step 13500/50000 | loss 1.6330
FastCKA_l4_s1: step 14000/50000 | loss 1.6335
FastCKA_l4_s1: step 14500/50000 | loss 1.5640
FastCKA_l4_s1: step 15000/50000 | loss 1.4788
FastCKA_l4_s1: step 15500/50000 | loss 1.5665
FastCKA_l4_s1: step 16000/50000 | loss 1.5135
FastCKA_l4_s1: step 16500/50000 | loss 1.4941
FastCKA_l4_s1: step 17000/50000 | loss 1.5033
FastCKA_l4_s1: step 17500/50000 | loss 1.5071
FastCKA_l4_s1: step 18000/50000 | loss 1.4204
FastCKA_l4_s1: step 18500/50000 | loss 1.3987
FastCKA_l4_s1: step 19000/50000 | loss 1.4181
FastCKA_l4_s1: step 19500/50000 | loss 1.4932
FastCKA_l4_s1: step 20000/50000 | loss 1.3995
FastCKA_l4_s1: step 20500/50000 | loss 1.4398
FastCKA_l4_s1: step 21000/50000 | loss 1.3098
FastCKA_l4_s1: step 21500/50000 | loss 1.4141
FastCKA_l4_s1: step 22000/50000 | loss 1.3521
FastCKA_l4_s1: step 22500/50000 | loss 1.3329
FastCKA_l4_s1: step 23000/50000 | loss 1.2729
FastCKA_l4_s1: step 23500/50000 | loss 1.4015
FastCKA_l4_s1: step 24000/50000 | loss 1.2699
FastCKA_l4_s1: step 24500/50000 | loss 1.3325
FastCKA_l4_s1: step 25000/50000 | loss 1.3784
FastCKA_l4_s1: step 25500/50000 | loss 1.2754
FastCKA_l4_s1: step 26000/50000 | loss 1.3337
FastCKA_l4_s1: step 26500/50000 | loss 1.2486
FastCKA_l4_s1: step 27000/50000 | loss 1.3176
FastCKA_l4_s1: step 27500/50000 | loss 1.2765
FastCKA_l4_s1: step 28000/50000 | loss 1.2299
FastCKA_l4_s1: step 28500/50000 | loss 1.1865
FastCKA_l4_s1: step 29000/50000 | loss 1.2948
FastCKA_l4_s1: step 29500/50000 | loss 1.3345
FastCKA_l4_s1: step 30000/50000 | loss 1.3551
FastCKA_l4_s1: step 30500/50000 | loss 1.2072
FastCKA_l4_s1: step 31000/50000 | loss 1.2726
FastCKA_l4_s1: step 31500/50000 | loss 1.3682
FastCKA_l4_s1: step 32000/50000 | loss 1.2804
FastCKA_l4_s1: step 32500/50000 | loss 1.2671
FastCKA_l4_s1: step 33000/50000 | loss 1.2314
FastCKA_l4_s1: step 33500/50000 | loss 1.2025
FastCKA_l4_s1: step 34000/50000 | loss 1.2107
FastCKA_l4_s1: step 34500/50000 | loss 1.2295
FastCKA_l4_s1: step 35000/50000 | loss 1.2451
FastCKA_l4_s1: step 35500/50000 | loss 1.1724
FastCKA_l4_s1: step 36000/50000 | loss 1.1982
FastCKA_l4_s1: step 36500/50000 | loss 1.2048
FastCKA_l4_s1: step 37000/50000 | loss 1.0694
FastCKA_l4_s1: step 37500/50000 | loss 1.2780
FastCKA_l4_s1: step 38000/50000 | loss 1.2126
FastCKA_l4_s1: step 38500/50000 | loss 1.2427
FastCKA_l4_s1: step 39000/50000 | loss 1.2320
FastCKA_l4_s1: step 39500/50000 | loss 1.1468
FastCKA_l4_s1: step 40000/50000 | loss 1.1397
FastCKA_l4_s1: step 40500/50000 | loss 1.2268
FastCKA_l4_s1: step 41000/50000 | loss 1.2285
FastCKA_l4_s1: step 41500/50000 | loss 1.2197
FastCKA_l4_s1: step 42000/50000 | loss 1.1622
FastCKA_l4_s1: step 42500/50000 | loss 1.1750
FastCKA_l4_s1: step 43000/50000 | loss 1.1777
FastCKA_l4_s1: step 43500/50000 | loss 1.1984
FastCKA_l4_s1: step 44000/50000 | loss 1.1777
FastCKA_l4_s1: step 44500/50000 | loss 1.1549
FastCKA_l4_s1: step 45000/50000 | loss 1.1640
FastCKA_l4_s1: step 45500/50000 | loss 1.1001
FastCKA_l4_s1: step 46000/50000 | loss 1.1596
FastCKA_l4_s1: step 46500/50000 | loss 1.1359
FastCKA_l4_s1: step 47000/50000 | loss 1.1146
FastCKA_l4_s1: step 47500/50000 | loss 1.1792
FastCKA_l4_s1: step 48000/50000 | loss 1.1666
FastCKA_l4_s1: step 48500/50000 | loss 1.1332
FastCKA_l4_s1: step 49000/50000 | loss 1.2215
FastCKA_l4_s1: step 49500/50000 | loss 1.1990
FastCKA_l4_s1: step 50000/50000 | loss 1.1388
FastCKA_l4_s1: train bpb=1.6763 | val bpb=1.7203

----Training FastCKA_l8_s1----
FastCKA_l8_s1: step 500/50000 | loss 2.6984
FastCKA_l8_s1: step 1000/50000 | loss 2.5629
FastCKA_l8_s1: step 1500/50000 | loss 2.5779
FastCKA_l8_s1: step 2000/50000 | loss 2.3632
FastCKA_l8_s1: step 2500/50000 | loss 2.3655
FastCKA_l8_s1: step 3000/50000 | loss 2.2858
FastCKA_l8_s1: step 3500/50000 | loss 2.2554
FastCKA_l8_s1: step 4000/50000 | loss 2.1038
FastCKA_l8_s1: step 4500/50000 | loss 1.9651
FastCKA_l8_s1: step 5000/50000 | loss 1.9900
FastCKA_l8_s1: step 5500/50000 | loss 1.8746
FastCKA_l8_s1: step 6000/50000 | loss 1.8033
FastCKA_l8_s1: step 6500/50000 | loss 1.7590
FastCKA_l8_s1: step 7000/50000 | loss 1.5886
FastCKA_l8_s1: step 7500/50000 | loss 1.5205
FastCKA_l8_s1: step 8000/50000 | loss 1.5025
FastCKA_l8_s1: step 8500/50000 | loss 1.5464
FastCKA_l8_s1: step 9000/50000 | loss 1.4027
FastCKA_l8_s1: step 9500/50000 | loss 1.4574
FastCKA_l8_s1: step 10000/50000 | loss 1.4653
FastCKA_l8_s1: step 10500/50000 | loss 1.4332
FastCKA_l8_s1: step 11000/50000 | loss 1.4285
FastCKA_l8_s1: step 11500/50000 | loss 1.3558
FastCKA_l8_s1: step 12000/50000 | loss 1.4008
FastCKA_l8_s1: step 12500/50000 | loss 1.3975
FastCKA_l8_s1: step 13000/50000 | loss 1.2854
FastCKA_l8_s1: step 13500/50000 | loss 1.3230
FastCKA_l8_s1: step 14000/50000 | loss 1.2569
FastCKA_l8_s1: step 14500/50000 | loss 1.2504
FastCKA_l8_s1: step 15000/50000 | loss 1.3304
FastCKA_l8_s1: step 15500/50000 | loss 1.3104
FastCKA_l8_s1: step 16000/50000 | loss 1.3068
FastCKA_l8_s1: step 16500/50000 | loss 1.2703
FastCKA_l8_s1: step 17000/50000 | loss 1.2500
FastCKA_l8_s1: step 17500/50000 | loss 1.2595
FastCKA_l8_s1: step 18000/50000 | loss 1.3439
FastCKA_l8_s1: step 18500/50000 | loss 1.2154
FastCKA_l8_s1: step 19000/50000 | loss 1.2507
FastCKA_l8_s1: step 19500/50000 | loss 1.2304
FastCKA_l8_s1: step 20000/50000 | loss 1.1883
FastCKA_l8_s1: step 20500/50000 | loss 1.2382
FastCKA_l8_s1: step 21000/50000 | loss 1.1827
FastCKA_l8_s1: step 21500/50000 | loss 1.2655
FastCKA_l8_s1: step 22000/50000 | loss 1.1719
FastCKA_l8_s1: step 22500/50000 | loss 1.1352
FastCKA_l8_s1: step 23000/50000 | loss 1.2029
FastCKA_l8_s1: step 23500/50000 | loss 1.1223
FastCKA_l8_s1: step 24000/50000 | loss 1.1518
FastCKA_l8_s1: step 24500/50000 | loss 1.1591
FastCKA_l8_s1: step 25000/50000 | loss 1.2239
FastCKA_l8_s1: step 25500/50000 | loss 1.1507
FastCKA_l8_s1: step 26000/50000 | loss 1.1223
FastCKA_l8_s1: step 26500/50000 | loss 1.2803
FastCKA_l8_s1: step 27000/50000 | loss 1.1279
FastCKA_l8_s1: step 27500/50000 | loss 1.2017
FastCKA_l8_s1: step 28000/50000 | loss 1.1998
FastCKA_l8_s1: step 28500/50000 | loss 1.2256
FastCKA_l8_s1: step 29000/50000 | loss 1.1702
FastCKA_l8_s1: step 29500/50000 | loss 1.1149
FastCKA_l8_s1: step 30000/50000 | loss 1.0880
FastCKA_l8_s1: step 30500/50000 | loss 1.1876
FastCKA_l8_s1: step 31000/50000 | loss 1.1353
FastCKA_l8_s1: step 31500/50000 | loss 1.1374
FastCKA_l8_s1: step 32000/50000 | loss 1.0680
FastCKA_l8_s1: step 32500/50000 | loss 1.1498
FastCKA_l8_s1: step 33000/50000 | loss 1.1364
FastCKA_l8_s1: step 33500/50000 | loss 1.1039
FastCKA_l8_s1: step 34000/50000 | loss 1.1417
FastCKA_l8_s1: step 34500/50000 | loss 1.1027
FastCKA_l8_s1: step 35000/50000 | loss 1.0987
FastCKA_l8_s1: step 35500/50000 | loss 1.1010
FastCKA_l8_s1: step 36000/50000 | loss 1.1194
FastCKA_l8_s1: step 36500/50000 | loss 1.0944
FastCKA_l8_s1: step 37000/50000 | loss 1.1400
FastCKA_l8_s1: step 37500/50000 | loss 1.0287
FastCKA_l8_s1: step 38000/50000 | loss 1.1169
FastCKA_l8_s1: step 38500/50000 | loss 1.1082
FastCKA_l8_s1: step 39000/50000 | loss 0.9963
FastCKA_l8_s1: step 39500/50000 | loss 1.0442
FastCKA_l8_s1: step 40000/50000 | loss 1.0091
FastCKA_l8_s1: step 40500/50000 | loss 1.0560
FastCKA_l8_s1: step 41000/50000 | loss 1.0887
FastCKA_l8_s1: step 41500/50000 | loss 1.0175
FastCKA_l8_s1: step 42000/50000 | loss 1.1299
FastCKA_l8_s1: step 42500/50000 | loss 1.0939
FastCKA_l8_s1: step 43000/50000 | loss 1.0764
FastCKA_l8_s1: step 43500/50000 | loss 1.0908
FastCKA_l8_s1: step 44000/50000 | loss 1.1431
FastCKA_l8_s1: step 44500/50000 | loss 1.0591
FastCKA_l8_s1: step 45000/50000 | loss 1.0284
FastCKA_l8_s1: step 45500/50000 | loss 1.0382
FastCKA_l8_s1: step 46000/50000 | loss 1.0729
FastCKA_l8_s1: step 46500/50000 | loss 1.0330
FastCKA_l8_s1: step 47000/50000 | loss 1.1073
FastCKA_l8_s1: step 47500/50000 | loss 0.9544
FastCKA_l8_s1: step 48000/50000 | loss 1.1622
FastCKA_l8_s1: step 48500/50000 | loss 1.0532
FastCKA_l8_s1: step 49000/50000 | loss 1.0499
FastCKA_l8_s1: step 49500/50000 | loss 1.0197
FastCKA_l8_s1: step 50000/50000 | loss 1.0911
FastCKA_l8_s1: train bpb=1.5350 | val bpb=1.5800

----Training MHA----
MHA: step 500/50000 | loss 2.7642
MHA: step 1000/50000 | loss 2.7518
MHA: step 1500/50000 | loss 2.7045
MHA: step 2000/50000 | loss 2.7426
MHA: step 2500/50000 | loss 2.6047
MHA: step 3000/50000 | loss 2.5807
MHA: step 3500/50000 | loss 2.4714
MHA: step 4000/50000 | loss 2.4159
MHA: step 4500/50000 | loss 2.3701
MHA: step 5000/50000 | loss 2.2401
MHA: step 5500/50000 | loss 2.1866
MHA: step 6000/50000 | loss 2.1403
MHA: step 6500/50000 | loss 2.0632
MHA: step 7000/50000 | loss 2.1119
MHA: step 7500/50000 | loss 2.0173
MHA: step 8000/50000 | loss 1.9745
MHA: step 8500/50000 | loss 2.0117
MHA: step 9000/50000 | loss 2.0045
MHA: step 9500/50000 | loss 1.9406
MHA: step 10000/50000 | loss 1.8077
MHA: step 10500/50000 | loss 1.8017
MHA: step 11000/50000 | loss 1.8429
MHA: step 11500/50000 | loss 1.7402
MHA: step 12000/50000 | loss 1.7698
MHA: step 12500/50000 | loss 1.8498
MHA: step 13000/50000 | loss 1.7264
MHA: step 13500/50000 | loss 1.7466
MHA: step 14000/50000 | loss 1.6915
MHA: step 14500/50000 | loss 1.7261
MHA: step 15000/50000 | loss 1.6431
MHA: step 15500/50000 | loss 1.6981
MHA: step 16000/50000 | loss 1.6484
MHA: step 16500/50000 | loss 1.6426
MHA: step 17000/50000 | loss 1.5677
MHA: step 17500/50000 | loss 1.6232
MHA: step 18000/50000 | loss 1.5349
MHA: step 18500/50000 | loss 1.5591
MHA: step 19000/50000 | loss 1.6009
MHA: step 19500/50000 | loss 1.5780
MHA: step 20000/50000 | loss 1.6694
MHA: step 20500/50000 | loss 1.6871
MHA: step 21000/50000 | loss 1.4974
MHA: step 21500/50000 | loss 1.5426
MHA: step 22000/50000 | loss 1.6346
MHA: step 22500/50000 | loss 1.4858
MHA: step 23000/50000 | loss 1.6329
MHA: step 23500/50000 | loss 1.5691
MHA: step 24000/50000 | loss 1.4929
MHA: step 24500/50000 | loss 1.5217
MHA: step 25000/50000 | loss 1.4894
MHA: step 25500/50000 | loss 1.5082
MHA: step 26000/50000 | loss 1.5826
MHA: step 26500/50000 | loss 1.4965
MHA: step 27000/50000 | loss 1.5781
MHA: step 27500/50000 | loss 1.5132
MHA: step 28000/50000 | loss 1.5064
MHA: step 28500/50000 | loss 1.4924
MHA: step 29000/50000 | loss 1.5292
MHA: step 29500/50000 | loss 1.5593
MHA: step 30000/50000 | loss 1.5175
MHA: step 30500/50000 | loss 1.4516
MHA: step 31000/50000 | loss 1.5302
MHA: step 31500/50000 | loss 1.5681
MHA: step 32000/50000 | loss 1.4986
MHA: step 32500/50000 | loss 1.4978
MHA: step 33000/50000 | loss 1.5130
MHA: step 33500/50000 | loss 1.4817
MHA: step 34000/50000 | loss 1.4372
MHA: step 34500/50000 | loss 1.5404
MHA: step 35000/50000 | loss 1.6208
MHA: step 35500/50000 | loss 1.5407
MHA: step 36000/50000 | loss 1.4870
MHA: step 36500/50000 | loss 1.6236
MHA: step 37000/50000 | loss 1.3865
MHA: step 37500/50000 | loss 1.4965
MHA: step 38000/50000 | loss 1.4629
MHA: step 38500/50000 | loss 1.4768
MHA: step 39000/50000 | loss 1.4945
MHA: step 39500/50000 | loss 1.4882
MHA: step 40000/50000 | loss 1.4933
MHA: step 40500/50000 | loss 1.5851
MHA: step 41000/50000 | loss 1.5097
MHA: step 41500/50000 | loss 1.5003
MHA: step 42000/50000 | loss 1.4914
MHA: step 42500/50000 | loss 1.4846
MHA: step 43000/50000 | loss 1.4563
MHA: step 43500/50000 | loss 1.3834
MHA: step 44000/50000 | loss 1.5064
MHA: step 44500/50000 | loss 1.4883
MHA: step 45000/50000 | loss 1.5617
MHA: step 45500/50000 | loss 1.4733
MHA: step 46000/50000 | loss 1.5403
MHA: step 46500/50000 | loss 1.3846
MHA: step 47000/50000 | loss 1.4615
MHA: step 47500/50000 | loss 1.5077
MHA: step 48000/50000 | loss 1.5280
MHA: step 48500/50000 | loss 1.4778
MHA: step 49000/50000 | loss 1.4094
MHA: step 49500/50000 | loss 1.4360
MHA: step 50000/50000 | loss 1.4300
MHA: train bpb=2.1169 | val bpb=2.1268

----Training MHA----
MHA: step 500/50000 | loss 2.7100
MHA: step 1000/50000 | loss 2.6454
MHA: step 1500/50000 | loss 2.5821
MHA: step 2000/50000 | loss 2.5171
MHA: step 2500/50000 | loss 2.4829
MHA: step 3000/50000 | loss 2.3649
MHA: step 3500/50000 | loss 2.2418
MHA: step 4000/50000 | loss 2.0622
MHA: step 4500/50000 | loss 1.9914
MHA: step 5000/50000 | loss 1.8971
MHA: step 5500/50000 | loss 1.7925
MHA: step 6000/50000 | loss 1.6622
MHA: step 6500/50000 | loss 1.6327
MHA: step 7000/50000 | loss 1.6064
MHA: step 7500/50000 | loss 1.4460
MHA: step 8000/50000 | loss 1.3935
MHA: step 8500/50000 | loss 1.3394
MHA: step 9000/50000 | loss 1.3996
MHA: step 9500/50000 | loss 1.3351
MHA: step 10000/50000 | loss 1.3653
MHA: step 10500/50000 | loss 1.2893
MHA: step 11000/50000 | loss 1.3085
MHA: step 11500/50000 | loss 1.3777
MHA: step 12000/50000 | loss 1.2870
MHA: step 12500/50000 | loss 1.2673
MHA: step 13000/50000 | loss 1.2670
MHA: step 13500/50000 | loss 1.2128
MHA: step 14000/50000 | loss 1.3744
MHA: step 14500/50000 | loss 1.2610
MHA: step 15000/50000 | loss 1.1430
MHA: step 15500/50000 | loss 1.1679
MHA: step 16000/50000 | loss 1.1969
MHA: step 16500/50000 | loss 1.2340
MHA: step 17000/50000 | loss 1.2331
MHA: step 17500/50000 | loss 1.1662
MHA: step 18000/50000 | loss 1.2759
MHA: step 18500/50000 | loss 1.2774
MHA: step 19000/50000 | loss 1.1488
MHA: step 19500/50000 | loss 1.1083
MHA: step 20000/50000 | loss 1.1527
MHA: step 20500/50000 | loss 1.2770
MHA: step 21000/50000 | loss 1.0512
MHA: step 21500/50000 | loss 1.1757
MHA: step 22000/50000 | loss 1.2011
MHA: step 22500/50000 | loss 1.1908
MHA: step 23000/50000 | loss 1.1670
MHA: step 23500/50000 | loss 1.1566
MHA: step 24000/50000 | loss 1.1398
MHA: step 24500/50000 | loss 1.0815
MHA: step 25000/50000 | loss 1.2093
MHA: step 25500/50000 | loss 1.1151
MHA: step 26000/50000 | loss 1.1997
MHA: step 26500/50000 | loss 1.0587
MHA: step 27000/50000 | loss 1.0498
MHA: step 27500/50000 | loss 1.1517
MHA: step 28000/50000 | loss 1.0548
MHA: step 28500/50000 | loss 1.1822
MHA: step 29000/50000 | loss 1.1895
MHA: step 29500/50000 | loss 1.1420
MHA: step 30000/50000 | loss 1.0696
MHA: step 30500/50000 | loss 1.1695
MHA: step 31000/50000 | loss 1.0622
MHA: step 31500/50000 | loss 1.1691
MHA: step 32000/50000 | loss 1.1032
MHA: step 32500/50000 | loss 1.1129
MHA: step 33000/50000 | loss 1.0700
MHA: step 33500/50000 | loss 1.0721
MHA: step 34000/50000 | loss 1.1366
MHA: step 34500/50000 | loss 1.1084
MHA: step 35000/50000 | loss 1.1348
MHA: step 35500/50000 | loss 1.0849
MHA: step 36000/50000 | loss 0.9849
MHA: step 36500/50000 | loss 1.0535
MHA: step 37000/50000 | loss 0.9822
MHA: step 37500/50000 | loss 1.1585
MHA: step 38000/50000 | loss 1.1747
MHA: step 38500/50000 | loss 1.0469
MHA: step 39000/50000 | loss 1.0278
MHA: step 39500/50000 | loss 1.0746
MHA: step 40000/50000 | loss 1.0121
MHA: step 40500/50000 | loss 0.9869
MHA: step 41000/50000 | loss 1.0314
MHA: step 41500/50000 | loss 1.0693
MHA: step 42000/50000 | loss 1.0643
MHA: step 42500/50000 | loss 1.0354
MHA: step 43000/50000 | loss 1.0465
MHA: step 43500/50000 | loss 1.0528
MHA: step 44000/50000 | loss 1.1257
MHA: step 44500/50000 | loss 1.0444
MHA: step 45000/50000 | loss 1.0808
MHA: step 45500/50000 | loss 1.0924
MHA: step 46000/50000 | loss 0.9631
MHA: step 46500/50000 | loss 1.0106
MHA: step 47000/50000 | loss 1.0210
MHA: step 47500/50000 | loss 1.0044
MHA: step 48000/50000 | loss 1.1002
MHA: step 48500/50000 | loss 1.0328
MHA: step 49000/50000 | loss 0.9713
MHA: step 49500/50000 | loss 1.0549
MHA: step 50000/50000 | loss 1.0173
MHA: train bpb=1.5092 | val bpb=1.5608

----Training MHA----
MHA: step 500/50000 | loss 2.7582
MHA: step 1000/50000 | loss 2.6163
MHA: step 1500/50000 | loss 2.4118
MHA: step 2000/50000 | loss 2.3744
MHA: step 2500/50000 | loss 2.1667
MHA: step 3000/50000 | loss 2.0830
MHA: step 3500/50000 | loss 1.9775
MHA: step 4000/50000 | loss 1.8063
MHA: step 4500/50000 | loss 1.6465
MHA: step 5000/50000 | loss 1.5581
MHA: step 5500/50000 | loss 1.4938
MHA: step 6000/50000 | loss 1.4677
MHA: step 6500/50000 | loss 1.4967
MHA: step 7000/50000 | loss 1.3785
MHA: step 7500/50000 | loss 1.3610
MHA: step 8000/50000 | loss 1.2912
MHA: step 8500/50000 | loss 1.2571
MHA: step 9000/50000 | loss 1.2856
MHA: step 9500/50000 | loss 1.2525
MHA: step 10000/50000 | loss 1.2652
MHA: step 10500/50000 | loss 1.2287
MHA: step 11000/50000 | loss 1.2505
MHA: step 11500/50000 | loss 1.1606
MHA: step 12000/50000 | loss 1.1654
MHA: step 12500/50000 | loss 1.2213
MHA: step 13000/50000 | loss 1.1767
MHA: step 13500/50000 | loss 1.2181
MHA: step 14000/50000 | loss 1.1316
MHA: step 14500/50000 | loss 1.1993
MHA: step 15000/50000 | loss 1.1258
MHA: step 15500/50000 | loss 1.1333
MHA: step 16000/50000 | loss 1.1379
MHA: step 16500/50000 | loss 1.1506
MHA: step 17000/50000 | loss 1.1657
MHA: step 17500/50000 | loss 1.0836
MHA: step 18000/50000 | loss 1.1229
MHA: step 18500/50000 | loss 1.1016
MHA: step 19000/50000 | loss 1.1277
MHA: step 19500/50000 | loss 1.1614
MHA: step 20000/50000 | loss 1.0758
MHA: step 20500/50000 | loss 1.0607
MHA: step 21000/50000 | loss 1.0850
MHA: step 21500/50000 | loss 1.0637
MHA: step 22000/50000 | loss 1.1193
MHA: step 22500/50000 | loss 1.0833
MHA: step 23000/50000 | loss 1.0487
MHA: step 23500/50000 | loss 1.0764
MHA: step 24000/50000 | loss 1.0856
MHA: step 24500/50000 | loss 1.0929
MHA: step 25000/50000 | loss 1.0510
MHA: step 25500/50000 | loss 1.1236
MHA: step 26000/50000 | loss 0.9262
MHA: step 26500/50000 | loss 1.0010
MHA: step 27000/50000 | loss 1.0966
MHA: step 27500/50000 | loss 1.0160
MHA: step 28000/50000 | loss 1.1087
MHA: step 28500/50000 | loss 1.0768
MHA: step 29000/50000 | loss 1.0681
MHA: step 29500/50000 | loss 1.0502
MHA: step 30000/50000 | loss 1.0839
MHA: step 30500/50000 | loss 0.9507
MHA: step 31000/50000 | loss 1.0480
MHA: step 31500/50000 | loss 1.0529
MHA: step 32000/50000 | loss 1.0916
MHA: step 32500/50000 | loss 1.0727
MHA: step 33000/50000 | loss 1.0169
MHA: step 33500/50000 | loss 0.9593
MHA: step 34000/50000 | loss 1.0285
MHA: step 34500/50000 | loss 0.9670
MHA: step 35000/50000 | loss 1.0324
MHA: step 35500/50000 | loss 0.9798
MHA: step 36000/50000 | loss 1.0522
MHA: step 36500/50000 | loss 0.9848
MHA: step 37000/50000 | loss 1.0627
MHA: step 37500/50000 | loss 1.0318
MHA: step 38000/50000 | loss 1.1377
MHA: step 38500/50000 | loss 1.0654
MHA: step 39000/50000 | loss 1.0515
MHA: step 39500/50000 | loss 1.0294
MHA: step 40000/50000 | loss 1.0387
MHA: step 40500/50000 | loss 1.0221
MHA: step 41000/50000 | loss 0.9676
MHA: step 41500/50000 | loss 0.9710
MHA: step 42000/50000 | loss 0.9456
MHA: step 42500/50000 | loss 0.9886
MHA: step 43000/50000 | loss 1.0348
MHA: step 43500/50000 | loss 0.9642
MHA: step 44000/50000 | loss 1.0631
MHA: step 44500/50000 | loss 0.9849
MHA: step 45000/50000 | loss 0.9553
MHA: step 45500/50000 | loss 0.9447
MHA: step 46000/50000 | loss 0.9881
MHA: step 46500/50000 | loss 1.0089
MHA: step 47000/50000 | loss 0.9899
MHA: step 47500/50000 | loss 0.9797
MHA: step 48000/50000 | loss 0.9653
MHA: step 48500/50000 | loss 0.9720
MHA: step 49000/50000 | loss 1.0007
MHA: step 49500/50000 | loss 1.0328
MHA: step 50000/50000 | loss 1.0163
MHA: train bpb=1.4159 | val bpb=1.4822
Training completed successfully!
